src/store/calendarStore.ts(341,23): error TS1005: ';' expected.
src/store/calendarStore.ts(347,26): error TS1005: ';' expected.
src/store/calendarStore.ts(437,13): error TS1109: Expression expected.
src/store/calendarStore.ts(437,19): error TS1109: Expression expected.
src/store/calendarStore.ts(438,30): error TS1109: Expression expected.
src/store/calendarStore.ts(443,31): error TS1109: Expression expected.
src/store/calendarStore.ts(445,52): error TS1109: Expression expected.
src/store/calendarStore.ts(446,38): error TS1109: Expression expected.
src/store/calendarStore.ts(447,58): error TS1109: Expression expected.
src/store/calendarStore.ts(448,61): error TS1109: Expression expected.
src/store/calendarStore.ts(449,63): error TS1109: Expression expected.
src/store/calendarStore.ts(450,82): error TS1109: Expression expected.
src/store/calendarStore.ts(453,74): error TS1109: Expression expected.
src/store/calendarStore.ts(454,63): error TS1109: Expression expected.
src/store/calendarStore.ts(455,38): error TS1109: Expression expected.
src/store/calendarStore.ts(458,38): error TS1109: Expression expected.
src/store/calendarStore.ts(459,55): error TS1109: Expression expected.
src/store/calendarStore.ts(460,57): error TS1109: Expression expected.
src/store/calendarStore.ts(461,63): error TS1109: Expression expected.
src/store/calendarStore.ts(462,79): error TS1109: Expression expected.
src/store/calendarStore.ts(463,63): error TS1109: Expression expected.
src/store/calendarStore.ts(465,27): error TS1109: Expression expected.
src/store/calendarStore.ts(470,1): error TS1005: ',' expected.
src/store/calendarStore.ts(703,26): error TS1005: ')' expected.
src/store/calendarStore.ts(704,21): error TS1135: Argument expression expected.
src/store/calendarStore.ts(704,22): error TS1005: ',' expected.
src/store/calendarStore.ts(705,19): error TS1005: ')' expected.
src/store/calendarStore.ts(706,13): error TS1128: Declaration or statement expected.
src/store/calendarStore.ts(706,14): error TS1128: Declaration or statement expected.
src/store/calendarStore.ts(750,23): error TS1005: ';' expected.
src/store/calendarStore.ts(788,26): error TS1005: ';' expected.
src/store/calendarStore.ts(836,26): error TS1005: ';' expected.
src/store/calendarStore.ts(852,21): error TS1005: ';' expected.
src/store/calendarStore.ts(886,24): error TS1005: ';' expected.
src/store/calendarStore.ts(911,29): error TS1005: ';' expected.
src/store/calendarStore.ts(921,24): error TS1005: ';' expected.
src/store/calendarStore.ts(931,31): error TS1005: ';' expected.
src/store/calendarStore.ts(971,45): error TS1005: ';' expected.
src/store/calendarStore.ts(972,25): error TS1128: Declaration or statement expected.
src/store/calendarStore.ts(973,21): error TS1128: Declaration or statement expected.
src/store/calendarStore.ts(973,22): error TS1128: Declaration or statement expected.
src/store/calendarStore.ts(974,17): error TS1128: Declaration or statement expected.
src/store/calendarStore.ts(974,18): error TS1128: Declaration or statement expected.
src/store/calendarStore.ts(974,19): error TS1128: Declaration or statement expected.
src/store/calendarStore.ts(975,13): error TS1128: Declaration or statement expected.
src/store/calendarStore.ts(975,14): error TS1128: Declaration or statement expected.
src/store/calendarStore.ts(987,21): error TS1005: ';' expected.
src/store/calendarStore.ts(1016,24): error TS1005: ';' expected.
src/store/calendarStore.ts(1026,24): error TS1005: ';' expected.
src/store/calendarStore.ts(1036,19): error TS1005: ';' expected.
src/store/calendarStore.ts(1069,21): error TS1005: ';' expected.
src/store/calendarStore.ts(1093,23): error TS1005: ';' expected.
src/store/calendarStore.ts(1117,29): error TS1005: ';' expected.
src/store/calendarStore.ts(1146,28): error TS1005: ';' expected.
src/store/calendarStore.ts(1173,24): error TS1005: ';' expected.
src/store/calendarStore.ts(1183,23): error TS1005: ';' expected.
src/store/calendarStore.ts(1184,9): error TS1109: Expression expected.
src/store/calendarStore.ts(1184,10): error TS1128: Declaration or statement expected.
src/store/calendarStore.ts(1184,11): error TS1128: Declaration or statement expected.
src/store/calendarStore.ts(1187,23): error TS1005: ';' expected.
src/store/calendarStore.ts(1198,5): error TS1128: Declaration or statement expected.
src/store/calendarStore.ts(1199,1): error TS1128: Declaration or statement expected.
